C:\Users\student\Desktop\MilicaPonos\Vezba3\implementation\system.ngc 1521534966
C:/Users/student/Desktop/MilicaPonos/Vezba3/implementation/system_dip_switches_wrapper.ngc 1521534937
C:/Users/student/Desktop/MilicaPonos/Vezba3/implementation/system_rs232_wrapper.ngc 1521534924
C:/Users/student/Desktop/MilicaPonos/Vezba3/implementation/system_proc_sys_reset_0_wrapper.ngc 1521534847
C:/Users/student/Desktop/MilicaPonos/Vezba3/implementation/system_clock_generator_0_wrapper.ngc 1521534953
C:/Users/student/Desktop/MilicaPonos/Vezba3/implementation/system_microblaze_0_ilmb_wrapper.ngc 1521534942
C:/Users/student/Desktop/MilicaPonos/Vezba3/implementation/system_microblaze_0_dlmb_wrapper.ngc 1521534947
C:/Users/student/Desktop/MilicaPonos/Vezba3/implementation/system_axi4lite_0_wrapper.ngc 1521534956
C:/Users/student/Desktop/MilicaPonos/Vezba3/implementation/system_microblaze_0_wrapper.ngc 1521534950
C:/Users/student/Desktop/MilicaPonos/Vezba3/implementation/system_microblaze_0_i_bram_ctrl_wrapper.ngc 1521534855
C:/Users/student/Desktop/MilicaPonos/Vezba3/implementation/system_microblaze_0_d_bram_ctrl_wrapper.ngc 1521534864
C:/Users/student/Desktop/MilicaPonos/Vezba3/implementation/system_debug_module_wrapper.ngc 1521534904
C:/Users/student/Desktop/MilicaPonos/Vezba3/implementation/system_leds_wrapper.ngc 1521534930
C:/Users/student/Desktop/MilicaPonos/Vezba3/implementation/system_microblaze_0_bram_block_wrapper.ngc 1521534869
OK
